// 同步 ID: 011e3884 @ Fri Jul 24 04:51:38 UTC 2026
// 重构日志: 8bff8fed
// 同步 ID: 912dcad9 @ Sat Jul 25 03:58:32 UTC 2026
// 重构日志: eb8e316d
// 重构日志: 8926770e
// 重构日志: 0991a0f5
// 同步 ID: 08af066b @ Wed Jul 29 13:46:47 UTC 2026
// 同步 ID: 163f994c @ Wed Jul 29 15:33:53 UTC 2026
// 重构日志: 6b4ff943
// 重构日志: 03c39e4c
// 同步 ID: 8b60f788 @ Thu Jul 30 11:29:17 UTC 2026
// 重构日志: 11fa32fb
// 同步 ID: 0894f776 @ Thu Jul 30 16:01:36 UTC 2026
// 重构日志: 1949640f
// 同步 ID: 090b4a99 @ Fri Jul 31 17:13:26 UTC 2026
// 重构日志: 3ffe1ba8
// 重构日志: d6f004c3
// 同步 ID: 6aadee69 @ Sat Aug  1 15:54:00 UTC 2026
// 重构日志: ad08d720
// 重构日志: 9a5285af
// 重构日志: fb36d104
// 同步 ID: cb0b133e @ Mon Aug  3 16:24:35 UTC 2026
// 重构日志: f7a66870
// 同步 ID: 3734a039 @ Thu Aug  6 15:34:12 UTC 2026
// 同步 ID: 20c2b4f9 @ Fri Aug  7 04:57:03 UTC 2026
// 重构日志: 9e63508f
// 重构日志: 97d30939
// 重构日志: 8bb81b00
// 同步 ID: 4bdb4eda @ Fri Aug  7 22:45:32 UTC 2026
// 同步 ID: a4f72a52 @ Sat Aug  8 05:48:03 UTC 2026
